Copyright 1986-2018 Xilinx, Inc. All Rights Reserved.
----------------------------------------------------------------------------------------
| Tool Version : Vivado v.2018.2 (win64) Build 2258646 Thu Jun 14 20:03:12 MDT 2018
| Date         : Sat Apr  6 17:18:34 2024
| Host         : LAPTOP-NSS21NBQ running 64-bit major release  (build 9200)
| Command      : report_control_sets -verbose -file Top_Student_control_sets_placed.rpt
| Design       : Top_Student
| Device       : xc7a35t
----------------------------------------------------------------------------------------

Control Set Information

Table of Contents
-----------------
1. Summary
2. Histogram
3. Flip-Flop Distribution
4. Detailed Control Set Information

1. Summary
----------

+----------------------------------------------------------+-------+
|                          Status                          | Count |
+----------------------------------------------------------+-------+
| Number of unique control sets                            |   111 |
| Unused register locations in slices containing registers |   190 |
+----------------------------------------------------------+-------+


2. Histogram
------------

+--------+--------------+
| Fanout | Control Sets |
+--------+--------------+
|      2 |            7 |
|      4 |            2 |
|      6 |            1 |
|      8 |            9 |
|     10 |            3 |
|     12 |            3 |
|     14 |            2 |
|    16+ |           84 |
+--------+--------------+


3. Flip-Flop Distribution
-------------------------

+--------------+-----------------------+------------------------+-----------------+--------------+
| Clock Enable | Synchronous Set/Reset | Asynchronous Set/Reset | Total Registers | Total Slices |
+--------------+-----------------------+------------------------+-----------------+--------------+
| No           | No                    | No                     |            2408 |          489 |
| No           | No                    | Yes                    |               0 |            0 |
| No           | Yes                   | No                     |            2462 |          344 |
| Yes          | No                    | No                     |             488 |           86 |
| Yes          | No                    | Yes                    |               0 |            0 |
| Yes          | Yes                   | No                     |             964 |          141 |
+--------------+-----------------------+------------------------+-----------------+--------------+


4. Detailed Control Set Information
-----------------------------------

+------------------------------------------------------------------------------+---------------------------------------------------------------+------------------------------------------------------------------+------------------+----------------+
|                                 Clock Signal                                 |                         Enable Signal                         |                         Set/Reset Signal                         | Slice Load Count | Bel Load Count |
+------------------------------------------------------------------------------+---------------------------------------------------------------+------------------------------------------------------------------+------------------+----------------+
|  timer_count_reg[31]_i_3_n_0                                                 |                                                               |                                                                  |                1 |              2 |
|  animation_counter_reg[0]_i_4__1_n_0                                         |                                                               |                                                                  |                1 |              2 |
|  wipe_settings_main/flexible_clock_module_10/CLK                             |                                                               |                                                                  |                1 |              2 |
|  animation_counter_reg[0]_i_4__0_n_0                                         |                                                               |                                                                  |                1 |              2 |
|  clk_IBUF_BUFG                                                               | u1/r_JAout2_reg                                               | nolabel_line123/state123_out                                     |                1 |              2 |
| ~clk_6p25m_BUFG                                                              |                                                               |                                                                  |                1 |              2 |
|  clk_10                                                                      |                                                               |                                                                  |                1 |              2 |
|  timer/flexible_clock_module_100Hz/my_clk                                    |                                                               |                                                                  |                1 |              4 |
|  timer/flexible_clock_module_100Hz/my_clk                                    | timer/an_display[1]_i_1_n_0                                   |                                                                  |                1 |              4 |
|  clk_1000_5                                                                  |                                                               |                                                                  |                1 |              6 |
|  clk_IBUF_BUFG                                                               |                                                               | nolabel_line88/Inst_Ps2Interface/clk_inter0                      |                1 |              8 |
|  clk_IBUF_BUFG                                                               |                                                               | nolabel_line88/Inst_Ps2Interface/data_inter0                     |                1 |              8 |
|  old_switch_state_reg[15]_i_2_n_0                                            |                                                               |                                                                  |                1 |              8 |
|  nolabel_line123/flexible_clock_module_1/bomb_radius_reg[0]                  |                                                               | nolabel_line123/bomb_radius[3]                                   |                1 |              8 |
|  clk_IBUF_BUFG                                                               | nolabel_line88/Inst_Ps2Interface/shift_frame                  | nolabel_line88/Inst_Ps2Interface/reset_bit_count                 |                1 |              8 |
|  clk_25m_BUFG                                                                | game/actual_defuse_length[3]_i_1_n_0                          |                                                                  |                3 |              8 |
|  clk_IBUF_BUFG                                                               | game_over_win_menu/b0                                         |                                                                  |                1 |              8 |
|  clk_IBUF_BUFG                                                               | game_over_lose_menu/b0                                        |                                                                  |                3 |              8 |
|  clk_IBUF_BUFG                                                               | nolabel_line88/b0                                             |                                                                  |                1 |              8 |
|  game_over_lose_menu/flexible_clock_module_10/simple_harmonic_counter_reg[0] |                                                               |                                                                  |                4 |             10 |
|  game_over_win_menu/flexible_clock_module_10/simple_harmonic_counter_reg[0]  |                                                               |                                                                  |                2 |             10 |
|  clk_IBUF_BUFG                                                               | nolabel_line88/Inst_Ps2Interface/left_down_reg                | nolabel_line88/x_overflow_i_1_n_0                                |                3 |             10 |
|  clicked_back_reg_i_2_n_0                                                    |                                                               |                                                                  |                4 |             12 |
|  nolabel_line123/flexible_clock_module_25m/my_clk                            |                                                               | nolabel_line58/pixel_data_reg[0]_3                               |                4 |             12 |
|  clk_IBUF_BUFG                                                               |                                                               | nolabel_line88/SR[0]                                             |                3 |             12 |
|  timer/flexible_clock_module_100Hz/my_clk                                    | timer/seg_display0_in                                         | timer/seg_display[6]_i_1_n_0                                     |                1 |             14 |
|  clk_IBUF_BUFG                                                               | nolabel_line88/Inst_Ps2Interface/delay_63clk_count[6]_i_2_n_0 | nolabel_line88/Inst_Ps2Interface/delay_63clk_count[6]_i_1_n_0    |                2 |             14 |
|  clk_IBUF_BUFG                                                               | nolabel_line88/Inst_Ps2Interface/x_inc_reg[0]                 | nolabel_line88/x_inc[7]_i_1_n_0                                  |                2 |             16 |
|  clk_IBUF_BUFG                                                               | nolabel_line88/Inst_Ps2Interface/y_inc_reg[0]                 | nolabel_line88/y_inc[5]_i_1_n_0                                  |                5 |             16 |
|  clk_IBUF_BUFG                                                               | transmit/r_TX_Data                                            |                                                                  |                2 |             16 |
|  clk_IBUF_BUFG                                                               | nolabel_line88/Inst_Ps2Interface/load_rx_data                 |                                                                  |                2 |             16 |
|  clk_IBUF_BUFG                                                               | nolabel_line88/write_data_1                                   |                                                                  |                3 |             16 |
|  clk_25m_BUFG                                                                | Music/counter_octave                                          |                                                                  |                3 |             16 |
|  clk_25m_BUFG                                                                |                                                               | game/unit8/oled_data[15]_i_1_n_0                                 |                2 |             18 |
|  clk_IBUF_BUFG                                                               | nolabel_line88/Inst_Ps2Interface/frame[9]_i_1_n_0             |                                                                  |                2 |             20 |
|  clk_IBUF_BUFG                                                               | receive/r_Clock_Count[9]_i_2_n_0                              | receive/r_Clock_Count[9]_i_1__0_n_0                              |                4 |             20 |
|  clk_IBUF_BUFG                                                               | nolabel_line88/Inst_Ps2Interface/delay_20us_count[10]_i_2_n_0 | nolabel_line88/Inst_Ps2Interface/delay_20us_count[10]_i_1_n_0    |                3 |             22 |
|  clk_IBUF_BUFG                                                               | nolabel_line88/y_new_reg_n_0                                  |                                                                  |                4 |             24 |
|  clk_IBUF_BUFG                                                               | nolabel_line88/x_new_reg_n_0                                  |                                                                  |                5 |             24 |
|  clicked_back_reg_i_2_n_0                                                    | nolabel_line129/sel                                           |                                                                  |                4 |             26 |
|  game_over_lose_menu/flexible_clock_module_25m/CLK                           |                                                               |                                                                  |                6 |             26 |
|  game_over_win_menu/flexible_clock_module_25m/CLK                            |                                                               |                                                                  |                7 |             26 |
|  clicked_back_reg_i_2_n_0                                                    | nolabel_line129/animation_slider_cursor_x[7]_i_1_n_0          |                                                                  |                6 |             28 |
|  clk_IBUF_BUFG                                                               | nolabel_line88/Inst_Ps2Interface/delay_100us_count[0]_i_2_n_0 | nolabel_line88/Inst_Ps2Interface/clear__0                        |                4 |             28 |
|  my_clk                                                                      |                                                               | unit/changed[15]                                                 |               11 |             30 |
|  my_clk                                                                      | game/cannot_blinking_score_reg[0][0]                          | u1/cannot_blinking_score                                         |               12 |             30 |
|  old_switch_state_reg[15]_i_2_n_0                                            | unit/old_switch_state                                         | unit/old_led_number[15]_i_1_n_0                                  |                3 |             30 |
|  nolabel_line129/flexible_clock_module_25m/CLK                               |                                                               |                                                                  |                5 |             30 |
|  unit/flexible_clock_module_10Hz/blinking_reg[0]                             |                                                               | unit/blinking                                                    |               12 |             32 |
|  fade_lose_animation/flexible_clock_module_25m/CLK                           |                                                               |                                                                  |                9 |             32 |
|  fade_win_animation/flexible_clock_module_25m/CLK                            |                                                               |                                                                  |                9 |             32 |
|  wipe_main_settings/flexible_clock_module_25m/CLK                            | wipe_settings_main/E[0]                                       | wipe_settings_main/SR[0]                                         |                6 |             32 |
|  wipe_settings_main/flexible_clock_module_25m/CLK                            | wipe_settings_main/p_1_in__0                                  | wipe_settings_main/pixel_data[15]_i_1__5_n_0                     |                6 |             32 |
| ~clk_6p25m_BUFG                                                              |                                                               | nolabel_line58/frame_counter[16]_i_1_n_0                         |                5 |             34 |
|  old_switch_state_reg[15]_i_2_n_0                                            | unit/old_switch_state                                         |                                                                  |               14 |             34 |
|  clk_1000_BUFG                                                               |                                                               |                                                                  |                7 |             36 |
| ~clk_6p25m_BUFG                                                              | nolabel_line58/delay[0]_i_1_n_0                               |                                                                  |                5 |             40 |
|  nolabel_line123/flexible_clock_module_25m/my_clk                            |                                                               |                                                                  |               16 |             48 |
|  clk_IBUF_BUFG                                                               |                                                               | nolabel_line88/reset_timeout_cnt                                 |                5 |             48 |
|  clk_IBUF_BUFG                                                               |                                                               | nolabel_line88/reset_periodic_check_cnt                          |                8 |             52 |
|  clk_1000_5                                                                  | game/unit10/state_reg_n_0                                     | game/unit10/debounce_counter[31]_i_1_n_0                         |                8 |             62 |
|  clk_1000_BUFG                                                               | nolabel_line110/state_reg_n_0                                 | nolabel_line110/debounce_counter[31]_i_1__4_n_0                  |                8 |             62 |
|  clk_1000_BUFG                                                               | nolabel_line111/state_reg_n_0                                 | nolabel_line111/debounce_counter[31]_i_1__3_n_0                  |                8 |             62 |
|  clk_1000_BUFG                                                               | nolabel_line112/state_reg_n_0                                 | nolabel_line112/debounce_counter[31]_i_1__2_n_0                  |                8 |             62 |
|  clk_1000_BUFG                                                               | nolabel_line113/state_reg_n_0                                 | nolabel_line113/debounce_counter[31]_i_1__1_n_0                  |                8 |             62 |
|  clk_1000_BUFG                                                               | nolabel_line114/state_reg_n_0                                 | nolabel_line114/debounce_counter[31]_i_1__0_n_0                  |                8 |             62 |
|  clk_1000_BUFG                                                               | nolabel_line118/state_reg_n_0                                 | nolabel_line118/debounce_counter[31]_i_1__5_n_0                  |                8 |             62 |
|  clk_25m_BUFG                                                                |                                                               | game/unit8/count[31]_i_1_n_0                                     |                8 |             62 |
|  clk_IBUF_BUFG                                                               |                                                               | nolabel_line129/flexible_clock_module_25m/clear                  |                8 |             64 |
|  clk_IBUF_BUFG                                                               |                                                               | wipe_main_settings/flexible_clock_module_10/clear                |                8 |             64 |
|  clk_IBUF_BUFG                                                               |                                                               | wipe_main_settings/flexible_clock_module_25m/clear               |                8 |             64 |
|  clk_IBUF_BUFG                                                               |                                                               | wipe_settings_main/flexible_clock_module_10/clear                |                8 |             64 |
|  clk_IBUF_BUFG                                                               |                                                               | wipe_settings_main/flexible_clock_module_25m/clear               |                8 |             64 |
|  clk_IBUF_BUFG                                                               |                                                               | flexible_clock_module_1000/clear__0__0                           |                8 |             64 |
|  clk_IBUF_BUFG                                                               |                                                               | fade_win_animation/flexible_clock_module_25m/clear               |                8 |             64 |
|  clk_IBUF_BUFG                                                               |                                                               | fade_lose_animation/flexible_clock_module_25m/clear              |                8 |             64 |
|  clk_IBUF_BUFG                                                               |                                                               | fade_lose_animation/flexible_clock_module_10/count[0]_i_1__6_n_0 |                8 |             64 |
|  clk_IBUF_BUFG                                                               |                                                               | unit/flexible_clock_module_1Hz/count[0]_i_1__16_n_0              |                8 |             64 |
|  clk_IBUF_BUFG                                                               |                                                               | unit/flexible_clock_module_10kHz/clear                           |                8 |             64 |
|  clk_IBUF_BUFG                                                               |                                                               | fade_win_animation/flexible_clock_module_10/count[0]_i_1__4_n_0  |                8 |             64 |
|  clk_IBUF_BUFG                                                               |                                                               | timer/flexible_clock_module_1Hz/count[0]_i_1__14_n_0             |                8 |             64 |
|  clk_IBUF_BUFG                                                               |                                                               | timer/flexible_clock_module_100Hz/clear                          |                8 |             64 |
| ~clk_6p25m_BUFG                                                              | nolabel_line58/state                                          |                                                                  |                9 |             64 |
|  clk_IBUF_BUFG                                                               |                                                               | unit/flexible_clock_module_10Hz/count[0]_i_1__17_n_0             |                8 |             64 |
|  clk_25m_BUFG                                                                | game/unit8/correct_press_count2                               |                                                                  |                8 |             64 |
|  clk_25m_BUFG                                                                |                                                               | u1/mole_state637_in                                              |                8 |             64 |
|  wipe_settings_main/flexible_clock_module_10/CLK                             | wipe_settings_main/animation_counter                          | wipe_settings_main/animation_counter[0]_i_1__2_n_0               |                8 |             64 |
|  animation_counter_reg[0]_i_4__0_n_0                                         | fade_lose_animation/animation_counter                         | fade_lose_animation/animation_counter[0]_i_1__0_n_0              |                8 |             64 |
|  animation_counter_reg[0]_i_4__1_n_0                                         | fade_win_animation/animation_counter                          | fade_win_animation/animation_counter[0]_i_1_n_0                  |                8 |             64 |
|  clk_25m_BUFG                                                                |                                                               | game/unit10/SR[0]                                                |               13 |             64 |
|  clk_IBUF_BUFG                                                               |                                                               | game_over_win_menu/flexible_clock_module_10/count[0]_i_1_n_0     |                8 |             64 |
|  clk_IBUF_BUFG                                                               |                                                               | game_over_win_menu/flexible_clock_module_25m/clear               |                8 |             64 |
|  clk_IBUF_BUFG                                                               |                                                               | nolabel_line123/flexible_clock_module_1/count[0]_i_1__12_n_0     |                8 |             64 |
|  clk_IBUF_BUFG                                                               |                                                               | nolabel_line123/flexible_clock_module_25m/clear                  |                8 |             64 |
|  clk_IBUF_BUFG                                                               |                                                               | flexible_clock_module_25m/count[0]_i_1__19_n_0                   |                8 |             64 |
|  clk_10                                                                      | wipe_main_settings/animation_counter_0                        | wipe_main_settings/clear                                         |                8 |             64 |
|  clk_25m_BUFG                                                                |                                                               | u1/mole_state640_in                                              |                8 |             64 |
|  clk_25m_BUFG                                                                |                                                               | u1/mole_state6                                                   |                8 |             64 |
|  clk_IBUF_BUFG                                                               |                                                               | game/flexible_clock_1000/clear                                   |                8 |             64 |
|  clk_IBUF_BUFG                                                               |                                                               | flexible_clock_module_6p25m/clear                                |                8 |             64 |
|  my_clk                                                                      | game/E[0]                                                     |                                                                  |               10 |             64 |
|  clk_IBUF_BUFG                                                               |                                                               | game_over_lose_menu/flexible_clock_module_10/count[0]_i_1__1_n_0 |                8 |             64 |
|  clk_25m_BUFG                                                                |                                                               | game/defuse_timer[31]_i_1_n_0                                    |                8 |             64 |
|  clk_IBUF_BUFG                                                               |                                                               | nolabel_line129/flexible_clock_module_1000/count[0]_i_1__9_n_0   |                8 |             64 |
|  clk_IBUF_BUFG                                                               |                                                               | game_over_lose_menu/flexible_clock_module_25m/clear              |                8 |             64 |
|  clk_25m_BUFG                                                                |                                                               | game/count[31]_i_1__0_n_0                                        |                9 |             64 |
|  timer_count_reg[31]_i_3_n_0                                                 |                                                               | timer/p_1_in                                                     |               11 |             64 |
|  my_clk                                                                      |                                                               |                                                                  |               18 |             70 |
| ~clk_6p25m_BUFG                                                              |                                                               | nolabel_line58/spi_word[39]_i_1_n_0                              |               18 |             90 |
|  clk_IBUF_BUFG                                                               |                                                               |                                                                  |              177 |            948 |
|  clk_25m_BUFG                                                                |                                                               |                                                                  |              216 |           1098 |
+------------------------------------------------------------------------------+---------------------------------------------------------------+------------------------------------------------------------------+------------------+----------------+


